{"id": "library", "args": ["example"], "children": [{"id": "technology", "args": ["cmos"]}, {"id": "power_lut_template", "args": ["pwr_bcm_rf"], "children": [{"id": "variable_1", "value": "input_transition_time"}, {"id": "index_1", "args": ["\"0.15, 0.5, 0.7\""]}]}, {"id": "cell", "args": ["AN2"], "children": [{"id": "area", "value": "2"}, {"id": "pin", "args": ["A", "B"], "children": [{"id": "internal_power", "children": [{"id": "power", "args": ["pwr_bcm_rf"], "children": [{"id": "values", "args": ["\"4.7, 4.9\""]}]}, {"id": "rise_power", "args": ["pwr_bcm_rf"], "children": [{"id": "values", "args": ["\"4.7, 4.9\""]}]}, {"id": "fall_power", "args": ["pwr_bcm_rf"], "children": [{"id": "values", "args": ["\"4.7, 4.9\""]}]}]}, {"id": "direction", "value": "input"}, {"id": "capacitance", "value": "1"}]}, {"id": "pin", "args": ["P"], "children": [{"id": "internal_power", "args": ["pwr_bcm_rf"], "children": [{"id": "values", "args": ["\"4.7, 4.9\""]}]}]}]}]}