{"id": "library", "args": ["q"], "children": [{"id": "delay_model", "value": "table_lookup"}, {"id": "define_group", "args": ["sii", "cell"]}, {"id": "define_group", "args": ["sii", "pin"]}, {"id": "define", "args": ["siiattrib", "sii", "string"]}, {"id": "cell", "args": ["siiCell"], "children": [{"id": "pin", "args": ["A"], "children": [{"id": "direction", "value": "input"}, {"id": "capacitance", "value": "0.3"}, {"id": "rise_capacitance", "value": "0.1"}, {"id": "fall_capacitance", "value": "0.2"}, {"id": "sii", "args": ["\"9\""], "children": [{"id": "siiattrib", "value": "\"1\""}]}]}]}]}